{
  "version": "1.5.0",
  "plugins_used": [
    {
      "name": "ArtifactoryDetector"
    },
    {
      "name": "AWSKeyDetector"
    },
    {
      "name": "AzureStorageKeyDetector"
    },
    {
      "name": "Base64HighEntropyString",
      "limit": 4.5
    },
    {
      "name": "BasicAuthDetector"
    },
    {
      "name": "CloudantDetector"
    },
    {
      "name": "DiscordBotTokenDetector"
    },
    {
      "name": "GitHubTokenDetector"
    },
    {
      "name": "GitLabTokenDetector"
    },
    {
      "name": "HexHighEntropyString",
      "limit": 3.0
    },
    {
      "name": "IbmCloudIamDetector"
    },
    {
      "name": "IbmCosHmacDetector"
    },
    {
      "name": "IPPublicDetector"
    },
    {
      "name": "JwtTokenDetector"
    },
    {
      "name": "KeywordDetector",
      "keyword_exclude": ""
    },
    {
      "name": "MailchimpDetector"
    },
    {
      "name": "NpmDetector"
    },
    {
      "name": "OpenAIDetector"
    },
    {
      "name": "PrivateKeyDetector"
    },
    {
      "name": "PypiTokenDetector"
    },
    {
      "name": "SendGridDetector"
    },
    {
      "name": "SlackDetector"
    },
    {
      "name": "SoftlayerDetector"
    },
    {
      "name": "SquareOAuthDetector"
    },
    {
      "name": "StripeDetector"
    },
    {
      "name": "TelegramBotTokenDetector"
    },
    {
      "name": "TwilioKeyDetector"
    }
  ],
  "filters_used": [
    {
      "path": "detect_secrets.filters.allowlist.is_line_allowlisted"
    },
    {
      "path": "detect_secrets.filters.common.is_baseline_file",
      "filename": ".secrets.baseline"
    },
    {
      "path": "detect_secrets.filters.common.is_ignored_due_to_verification_policies",
      "min_level": 2
    },
    {
      "path": "detect_secrets.filters.heuristic.is_indirect_reference"
    },
    {
      "path": "detect_secrets.filters.heuristic.is_likely_id_string"
    },
    {
      "path": "detect_secrets.filters.heuristic.is_lock_file"
    },
    {
      "path": "detect_secrets.filters.heuristic.is_not_alphanumeric_string"
    },
    {
      "path": "detect_secrets.filters.heuristic.is_potential_uuid"
    },
    {
      "path": "detect_secrets.filters.heuristic.is_prefixed_with_dollar_sign"
    },
    {
      "path": "detect_secrets.filters.heuristic.is_sequential_string"
    },
    {
      "path": "detect_secrets.filters.heuristic.is_swagger_file"
    },
    {
      "path": "detect_secrets.filters.heuristic.is_templated_secret"
    }
  ],
  "results": {
    ".github\\workflows\\ci.yml": [
      {
        "type": "Secret Keyword",
        "filename": ".github\\workflows\\ci.yml",
        "hashed_secret": "c2f4334351c921ee20509ebc24a0eebcb7ca0e82",
        "is_verified": false,
        "line_number": 29
      }
    ],
    "Build\\PreBuild.ps1": [
      {
        "type": "Hex High Entropy String",
        "filename": "Build\\PreBuild.ps1",
        "hashed_secret": "9cac4c75238ec0d7f506f09c47a37b50233c9df2",
        "is_verified": false,
        "line_number": 52,
        "is_secret": false
      }
    ],
    "Data\\ConfigTemplate.json": [
      {
        "type": "Secret Keyword",
        "filename": "Data\\ConfigTemplate.json",
        "hashed_secret": "7505d64a54e061b7acd54ccd58b49dc43500b635",
        "is_verified": false,
        "line_number": 2,
        "is_secret": false
      }
    ],
    "M365IncidentResponseTools.psm1": [
      {
        "type": "Base64 High Entropy String",
        "filename": "M365IncidentResponseTools.psm1",
        "hashed_secret": "e38670be8612f3c6214bacd1ae73e9ec294ea40e",
        "is_verified": false,
        "line_number": 9165,
        "is_secret": false
      },
      {
        "type": "Base64 High Entropy String",
        "filename": "M365IncidentResponseTools.psm1",
        "hashed_secret": "3239276be3c81e9b1fb2467ca2709a553fa510bc",
        "is_verified": false,
        "line_number": 9166,
        "is_secret": false
      },
      {
        "type": "Secret Keyword",
        "filename": "M365IncidentResponseTools.psm1",
        "hashed_secret": "402f4f6eb5e4350aa70f7fab00ef5ddeeb82cb00",
        "is_verified": false,
        "line_number": 23652,
        "is_secret": false
      }
    ],
    "Source\\Data\\ConfigTemplate.json": [
      {
        "type": "Secret Keyword",
        "filename": "Source\\Data\\ConfigTemplate.json",
        "hashed_secret": "7505d64a54e061b7acd54ccd58b49dc43500b635",
        "is_verified": false,
        "line_number": 2,
        "is_secret": false
      }
    ],
    "Source\\Private\\Utility\\Get-RandomPassword.ps1": [
      {
        "type": "Base64 High Entropy String",
        "filename": "Source\\Private\\Utility\\Get-RandomPassword.ps1",
        "hashed_secret": "e38670be8612f3c6214bacd1ae73e9ec294ea40e",
        "is_verified": false,
        "line_number": 19,
        "is_secret": false
      },
      {
        "type": "Base64 High Entropy String",
        "filename": "Source\\Private\\Utility\\Get-RandomPassword.ps1",
        "hashed_secret": "3239276be3c81e9b1fb2467ca2709a553fa510bc",
        "is_verified": false,
        "line_number": 20,
        "is_secret": false
      }
    ],
    "Source\\Public\\Utility\\Copy-IRTFunction.ps1": [
      {
        "type": "Secret Keyword",
        "filename": "Source\\Public\\Utility\\Copy-IRTFunction.ps1",
        "hashed_secret": "402f4f6eb5e4350aa70f7fab00ef5ddeeb82cb00",
        "is_verified": false,
        "line_number": 153,
        "is_secret": false
      }
    ],
    "mkdocs.yml": [
      {
        "type": "Secret Keyword",
        "filename": "mkdocs.yml",
        "hashed_secret": "3306650cce8de5de8fa381fae7c501bb57f68ac8",
        "is_verified": false,
        "line_number": 106,
        "is_secret": false
      },
      {
        "type": "Secret Keyword",
        "filename": "mkdocs.yml",
        "hashed_secret": "51b1bc5d46ef2e96cdbad6f7ab703bb5a705c8ed",
        "is_verified": false,
        "line_number": 131,
        "is_secret": false
      }
    ]
  },
  "generated_at": "2026-09-09T18:47:26Z"
}
